Test case is for the print_square() function.

This test checks if the function correctly
prints a square with '#' based on the arg parsed.

>>> text_indentation = __import__('5-text_indentation').text_indentation

>>> text = """Lorem ipsum dolor sit amet, consectetur adipiscing elit. Quonam modo? Utrum igitur tibi litteram videor an totas paginas commovere? Non autem hoc: igitur ne illud quidem. Fortasse id optimum, sed ubi illud: Plus semper voluptatis? Teneo, inquit, finem illi videri nihil dolere. Transfer idem ad modestiam vel temperantiam, quae est moderatio cupiditatum rationi oboediens. Si id dicis, vicimus. Inde sermone vario sex illa a Dipylo stadia confecimus. Sin aliud quid voles, postea. Quae animi affectio suum cuique tribuens atque hanc, quam dico. Utinam quidem dicerent alium alio beatiorem! Iam ruinas videres"""

>>> text_1 = """Lorem ipsum dolor sit amet, consectetur adipiscing elit. Quonam modo? Utrum igitur tibi litteram videor an totas paginas commovere? Non autem hoc: igitur ne illud quidem. Fortasse id optimum, sed ubi illud: Plus semper voluptatis? Teneo, inquit, finem illi videri nihil dolere. Transfer idem ad modestiam vel temperantiam, quae est moderatio cupiditatum rationi oboediens. Si id dicis, vicimus. Inde sermone vario sex illa a Dipylo stadia confecimus. Sin aliud quid voles, postea. Quae animi affectio suum cuique tribuens atque hanc, quam dico. Utinam quidem dicerent alium alio beatiorem! Iam ruinas videres?.?:"""

>>> text_2 = """   Lorem ipsum dolor sit amet, consectetur adipiscing elit.??: Quonam modo ? Utrum igitur tibi litteram videor an totas paginas commovere? Non autem hoc: igitur ne illud quidem. Fortasse id optimum, sed ubi illud: Plus semper voluptatis? Teneo, inquit, finem illi videri nihil dolere. Transfer idem ad modestiam vel temperantiam, quae est moderatio cupiditatum rationi oboediens. Si id dicis, vicimus. Inde sermone vario sex illa a Dipylo stadia confecimus. Sin aliud quid voles, postea. Quae animi affectio suum cuique tribuens atque hanc, quam dico. Utinam quidem dicerent alium alio beatiorem! Iam ruinas videres   """

>>> text_3 = """Lorem ipsum dolor sit amet, consectetur adipiscing elit. Quonam modo? Utrum igitur tibi litteram videor an totas paginas commovere? Non autem hoc: igitur ne illud quidem. Fortasse id optimum, sed ubi illud: Plus semper voluptatis? Teneo, inquit, finem illi videri nihil dolere. Transfer idem ad modestiam vel temperantiam, quae est moderatio cupiditatum rationi oboediens......? ::: Si id dicis, vicimus. Inde sermone vario sex illa a Dipylo stadia confecimus. Sin aliud quid voles, postea. Quae animi affectio suum cuique tribuens atque hanc, quam dico. Utinam quidem dicerent alium alio beatiorem! Iam ruinas videres"""

>>> text_4 = """?Lorem ipsum dolor sit amet, consectetur adipiscing elit.
...
... Quonam modo? Utrum igitur tibi litteram videor an totas paginas commovere? Non aute hoc: igitur ne illud quidem. Fortasse id optimum, sed ubi illud: Plus semper voluptatis?
...   &?::.
... ?T?e:neo, inquit, finem illi videri nihil dolere. Transfer idem ad modestiam vel temperantiam, ...quae est moderatio cupiditatum rationi oboediens. Si id dicis, vicimus. """

>>> text_indentation(text)
Lorem ipsum dolor sit amet, consectetur adipiscing elit.
<BLANKLINE>
Quonam modo?
<BLANKLINE>
Utrum igitur tibi litteram videor an totas paginas commovere?
<BLANKLINE>
Non autem hoc:
<BLANKLINE>
igitur ne illud quidem.
<BLANKLINE>
Fortasse id optimum, sed ubi illud:
<BLANKLINE>
Plus semper voluptatis?
<BLANKLINE>
Teneo, inquit, finem illi videri nihil dolere.
<BLANKLINE>
Transfer idem ad modestiam vel temperantiam, quae est moderatio cupiditatum rationi oboediens.
<BLANKLINE>
Si id dicis, vicimus.
<BLANKLINE>
Inde sermone vario sex illa a Dipylo stadia confecimus.
<BLANKLINE>
Sin aliud quid voles, postea.
<BLANKLINE>
Quae animi affectio suum cuique tribuens atque hanc, quam dico.
<BLANKLINE>
Utinam quidem dicerent alium alio beatiorem! Iam ruinas videres

>>> text_indentation(text_1)
Lorem ipsum dolor sit amet, consectetur adipiscing elit.
<BLANKLINE>
Quonam modo?
<BLANKLINE>
Utrum igitur tibi litteram videor an totas paginas commovere?
<BLANKLINE>
Non autem hoc:
<BLANKLINE>
igitur ne illud quidem.
<BLANKLINE>
Fortasse id optimum, sed ubi illud:
<BLANKLINE>
Plus semper voluptatis?
<BLANKLINE>
Teneo, inquit, finem illi videri nihil dolere.
<BLANKLINE>
Transfer idem ad modestiam vel temperantiam, quae est moderatio cupiditatum rationi oboediens.
<BLANKLINE>
Si id dicis, vicimus.
<BLANKLINE>
Inde sermone vario sex illa a Dipylo stadia confecimus.
<BLANKLINE>
Sin aliud quid voles, postea.
<BLANKLINE>
Quae animi affectio suum cuique tribuens atque hanc, quam dico.
<BLANKLINE>
Utinam quidem dicerent alium alio beatiorem! Iam ruinas videres?
<BLANKLINE>
.
<BLANKLINE>
?
<BLANKLINE>
:
<BLANKLINE>

>>> text_indentation(text_2)
Lorem ipsum dolor sit amet, consectetur adipiscing elit.
<BLANKLINE>
?
<BLANKLINE>
?
<BLANKLINE>
:
<BLANKLINE>
Quonam modo ?
<BLANKLINE>
Utrum igitur tibi litteram videor an totas paginas commovere?
<BLANKLINE>
Non autem hoc:
<BLANKLINE>
igitur ne illud quidem.
<BLANKLINE>
Fortasse id optimum, sed ubi illud:
<BLANKLINE>
Plus semper voluptatis?
<BLANKLINE>
Teneo, inquit, finem illi videri nihil dolere.
<BLANKLINE>
Transfer idem ad modestiam vel temperantiam, quae est moderatio cupiditatum rationi oboediens.
<BLANKLINE>
Si id dicis, vicimus.
<BLANKLINE>
Inde sermone vario sex illa a Dipylo stadia confecimus.
<BLANKLINE>
Sin aliud quid voles, postea.
<BLANKLINE>
Quae animi affectio suum cuique tribuens atque hanc, quam dico.
<BLANKLINE>
Utinam quidem dicerent alium alio beatiorem! Iam ruinas videres

>>> text_indentation(text_3)
Lorem ipsum dolor sit amet, consectetur adipiscing elit.
<BLANKLINE>
Quonam modo?
<BLANKLINE>
Utrum igitur tibi litteram videor an totas paginas commovere?
<BLANKLINE>
Non autem hoc:
<BLANKLINE>
igitur ne illud quidem.
<BLANKLINE>
Fortasse id optimum, sed ubi illud:
<BLANKLINE>
Plus semper voluptatis?
<BLANKLINE>
Teneo, inquit, finem illi videri nihil dolere.
<BLANKLINE>
Transfer idem ad modestiam vel temperantiam, quae est moderatio cupiditatum rationi oboediens.
<BLANKLINE>
.
<BLANKLINE>
.
<BLANKLINE>
.
<BLANKLINE>
.
<BLANKLINE>
.
<BLANKLINE>
?
<BLANKLINE>
:
<BLANKLINE>
:
<BLANKLINE>
:
<BLANKLINE>
Si id dicis, vicimus.
<BLANKLINE>
Inde sermone vario sex illa a Dipylo stadia confecimus.
<BLANKLINE>
Sin aliud quid voles, postea.
<BLANKLINE>
Quae animi affectio suum cuique tribuens atque hanc, quam dico.
<BLANKLINE>
Utinam quidem dicerent alium alio beatiorem! Iam ruinas videres

>>> text_indentation(100)
Traceback (most recent call last):
...
TypeError: text must be a string

>>> text_indentation(None)
Traceback (most recent call last):
...
TypeError: text must be a string

>>> text_indentation(".")
.
<BLANKLINE>

>>> text_indentation("?")
?
<BLANKLINE>

>>> text_indentation(":")
:
<BLANKLINE>

>>> text_indentation(".?:")
.
<BLANKLINE>
?
<BLANKLINE>
:
<BLANKLINE>

>>> text_indentation(". ? :")
.
<BLANKLINE>
?
<BLANKLINE>
:
<BLANKLINE>

>>> text_indentation(".?")
.
<BLANKLINE>
?
<BLANKLINE>

>>> text_indentation(". ?:")
.
<BLANKLINE>
?
<BLANKLINE>
:
<BLANKLINE>

>>> text_indentation(" . ? : ")
.
<BLANKLINE>
?
<BLANKLINE>
:
<BLANKLINE>

>>> text_indentation(" ")
>>> text_indentation("")
>>> text_indentation(text_4) #doctest: +REPORT_NDIFF
?
<BLANKLINE>
Lorem ipsum dolor sit amet, consectetur adipiscing elit.
<BLANKLINE>
Quonam modo?
<BLANKLINE>
Utrum igitur tibi litteram videor an totas paginas commovere?
<BLANKLINE>
Non aute hoc:
<BLANKLINE>
igitur ne illud quidem.
<BLANKLINE>
Fortasse id optimum, sed ubi illud:
<BLANKLINE>
Plus semper voluptatis?
<BLANKLINE>
&?
<BLANKLINE>
:
<BLANKLINE>
:
<BLANKLINE>
.
<BLANKLINE>
?
<BLANKLINE>
T?
<BLANKLINE>
e:
<BLANKLINE>
neo, inquit, finem illi videri nihil dolere.
<BLANKLINE>
Transfer idem ad modestiam vel temperantiam, .
<BLANKLINE>
.
<BLANKLINE>
.
<BLANKLINE>
quae est moderatio cupiditatum rationi oboediens.
<BLANKLINE>
Si id dicis, vicimus.
<BLANKLINE>

vim: set ft=rst
